// Jest Snapshot v1, https://goo.gl/fbAQLP

exports[`[mutagen campaigns config import-export] should create the campaigns: the campaigns have been created 1`] = `
Object {
  "stderr": "",
  "stdout": "+ script [Environment/campaignScript]
+ campaign [Environment/cfgObjectTest]
Completed. 2 objects created. 0 object updated. 0 object skipped.
",
}
`;

exports[`[mutagen campaigns config import-export] should skip the same campaigns: the campaigns have not been updated 1`] = `
Object {
  "stderr": "",
  "stdout": "= campaign [Environment/cfgObjectTest]
= script [Environment/campaignScript]
Completed. 0 object created. 0 object updated. 2 objects skipped.
",
}
`;

exports[`[mutagen campaigns config import-export] should update the modified campaigns: the modified campaigns have been updated 1`] = `
Object {
  "stderr": "",
  "stdout": "~ campaign [Environment/cfgObjectTest]
Completed. 0 object created. 1 object updated. 0 object skipped.
",
}
`;
