// Jest Snapshot v1, https://goo.gl/fbAQLP

exports[`[mutagen campaignGroups config import-export] should create the campaignGroups: the campaignGroups have been created 1`] = `
Object {
  "stderr": "",
  "stdout": "+ agentgroup [Environment/campaignGroupAgentGroup]
+ appprototype [campaignGroupAppPrototype]
+ campaign [Environment/campaignGroupCampaign]
+ gvpivrprofile [campaignGroupIVRProfile]
+ physicalswitch [campaignGroupPhysicalSwitch]
+ script [Environment/campaignGroupCapacityRule]
+ script [Environment/campaignGroupInteractionQueue]
+ application [campaignGroupApplication]
+ switch [Environment/campaignGroupSwitch]
+ dn [number: 'campaignGroupDN', switch: 'campaignGroupSwitch', type: 'routingpoint', tenant: 'Environment']
+ campaigngroup [name: 'cfgObjectTest', campaign: 'campaignGroupCampaign']
Completed. 11 object(s) imported.
",
}
`;

exports[`[mutagen campaignGroups config import-export] should throw exception when new campaignGroups to import miss mandatory properties campaignGroups: exception has been thrown 1`] = `
Object {
  "stderr": "Validation failed.
Missing properties:
  - campaigngroup [name: 'cfgObjectTest', campaign: 'campaignGroupCampaign']:
    - group
",
  "stdout": "",
}
`;

exports[`[mutagen campaignGroups config import-export] should update the modified campaignGroups: the modified campaignGroups have been updated 1`] = `
Object {
  "stderr": "",
  "stdout": "~ campaigngroup [name: 'cfgObjectTest', campaign: 'campaignGroupCampaign']
Completed. 1 object(s) imported.
",
}
`;

exports[`[mutagen campaignGroups config import-export] should update the same campaignGroups: the campaignGroups have been updated 1`] = `
Object {
  "stderr": "",
  "stdout": "~ agentgroup [Environment/campaignGroupAgentGroup]
~ application [campaignGroupApplication]
~ appprototype [campaignGroupAppPrototype]
~ campaigngroup [name: 'cfgObjectTest', campaign: 'campaignGroupCampaign']
~ campaign [Environment/campaignGroupCampaign]
~ dn [number: 'campaignGroupDN', switch: 'campaignGroupSwitch', type: 'routingpoint', tenant: 'Environment']
~ gvpivrprofile [campaignGroupIVRProfile]
~ physicalswitch [campaignGroupPhysicalSwitch]
~ script [Environment/campaignGroupCapacityRule]
~ script [Environment/campaignGroupInteractionQueue]
~ switch [Environment/campaignGroupSwitch]
Completed. 11 object(s) imported.
",
}
`;
