// Jest Snapshot v1, https://goo.gl/fbAQLP

exports[`[mutagen dns config import-export] should do nothing when the dns already exist: the dns already exist and have not been imported 1`] = `
Object {
  "stderr": "",
  "stdout": "= dn => number: '123', switch: 'switchForDn', type: 'Extension', name: 'cfgObjectTest', tenant: 'Environment'
Completed. 0 object(s) imported.
",
}
`;

exports[`[mutagen dns config import-export] should import the dns: the dns have been imported 1`] = `
Object {
  "stderr": "Cannot find dngroup 'Environment/dnGroup'
Cannot find objectivetable 'Environment/acontract'
",
  "stdout": "+ dn => number: '123', switch: 'switchForDn', type: 'Extension', name: 'cfgObjectTest', tenant: 'Environment'
Completed. 1 object(s) imported.
",
}
`;
