// Jest Snapshot v1, https://goo.gl/fbAQLP

exports[`[mutagen folders config import-export] should create the folders: the folders have been created 1`] = `
Object {
  "stderr": "",
  "stdout": "+ folder [type: 'person', owner: 'tenant/Environment', path: 'Persons/cfgObjectTest']
+ folder [type: 'person', owner: 'tenant/Environment', path: 'Persons/cfgObjectTest/personSubFolder']
Completed. 2 objects created. 0 object updated. 0 object skipped.
",
}
`;

exports[`[mutagen folders config import-export] should skip the same folders: the folders have not been updated 1`] = `
Object {
  "stderr": "",
  "stdout": "= folder [type: 'person', owner: 'tenant/Environment', path: 'Persons/cfgObjectTest']
~ folder [type: 'person', owner: 'tenant/Environment', path: 'Persons/cfgObjectTest/personSubFolder']
Completed. 0 object created. 1 object updated. 1 object skipped.
",
}
`;

exports[`[mutagen folders config import-export] should update the modified folders: the modified folders have been updated 1`] = `
Object {
  "stderr": "",
  "stdout": "~ folder [type: 'person', owner: 'tenant/Environment', path: 'Persons/cfgObjectTest']
Completed. 0 object created. 1 object updated. 0 object skipped.
",
}
`;
