// Jest Snapshot v1, https://goo.gl/fbAQLP

exports[`[mutagen placeGroups config import-export] should create the placeGroups: the placeGroups have been created 1`] = `
Object {
  "stderr": "",
  "stdout": "+ physicalswitch [placeGroupPhysicalSwitch]
+ script [Environment/placeGroupCapacityRule]
+ switch [Environment/placeGroupSwitch]
+ dn [number: 'placeGroupDN1', switch: 'placeGroupSwitch', type: 'cellular', tenant: 'Environment']
+ dn [number: 'placeGroupDN2', switch: 'placeGroupSwitch', type: 'fax', tenant: 'Environment']
+ place [Environment/placeGroupPlace1]
+ place [Environment/placeGroupPlace2]
+ placegroup [Environment/cfgObjectTest]
Completed. 8 objects created. 0 object updated. 0 object skipped.
",
}
`;

exports[`[mutagen placeGroups config import-export] should skip the same placeGroups: the placeGroups have not been updated 1`] = `
Object {
  "stderr": "",
  "stdout": "= dn [number: 'placeGroupDN1', switch: 'placeGroupSwitch', type: 'cellular', tenant: 'Environment']
= dn [number: 'placeGroupDN2', switch: 'placeGroupSwitch', type: 'fax', tenant: 'Environment']
= physicalswitch [placeGroupPhysicalSwitch]
= placegroup [Environment/cfgObjectTest]
= place [Environment/placeGroupPlace1]
= place [Environment/placeGroupPlace2]
= script [Environment/placeGroupCapacityRule]
= switch [Environment/placeGroupSwitch]
Completed. 0 object created. 0 object updated. 8 objects skipped.
",
}
`;

exports[`[mutagen placeGroups config import-export] should update the modified placeGroups: the modified placeGroups have been updated 1`] = `
Object {
  "stderr": "",
  "stdout": "~ placegroup [Environment/cfgObjectTest]
Completed. 0 object created. 1 object updated. 0 object skipped.
",
}
`;
