// Jest Snapshot v1, https://goo.gl/fbAQLP

exports[`[mutagen config --help] should print config usage: config usage 1`] = `
Object {
  "stderr": "",
  "stdout": "Usage: config [-?]
Genesys Config Server tool
  -?, -h, --help              Show this help message.
Commands:
  export    Export configuration objects.
  import    [INCUBATION] Import configuration objects.
  validate  Validate the configuration objects against the Configuration Server.
",
}
`;

exports[`[mutagen config export --trust-insecure-certificate] should allow connecting tls even without ca certificate: export without exception 1`] = `""`;

exports[`[mutagen config export] should not allow connecting tls if ca certificate is missing: error while connecting 1`] = `
"Error while connecting to Config Server [configserver:2022].
"
`;
