// Jest Snapshot v1, https://goo.gl/fbAQLP

exports[`[mutagen -p config export] should allow passing password on standard input: export stdin password 1`] = `""`;

exports[`[mutagen config export --help] should print import usage: export usage 1`] = `
Object {
  "stderr": "",
  "stdout": "Usage: export [-?] [--trust-insecure-certificate] [--format=<format>]
Export configuration objects.
      --format=<format>       Export format [RAW|JSON|COMPACT_JSON].
      --trust-insecure-certificate
                              Don't validate the server's TLS certificate.
  -?, -h, --help              Show this help message.
",
}
`;

exports[`[mutagen config export] should not throw an exception when no encoding is specified: export without exception 1`] = `""`;

exports[`[mutagen config export] should throw an exception when the encoding specified is not supported: export invalid encoding exception 1`] = `
"Encoding 'test' specified in environments.yml is not supported by confServer connection.
"
`;
