// Jest Snapshot v1, https://goo.gl/fbAQLP

exports[`[mutagen config export --help] should print import usage: export usage 1`] = `
Object {
  "stderr": "",
  "stdout": "Usage: export [-?] [--format=<format>]
Export configuration objects.
      --format=<format>       Export format [RAW|JSON].
  -?, -h, --help              Show this help message.
",
}
`;

exports[`[mutagen config export] should not warn the user when no encoding is specified: export without warning 1`] = `""`;

exports[`[mutagen config export] should warn the user when an invalid encoding is specified: export invalid encoding warning 1`] = `
"Encoding 'test' specified in environments.yml is not valid. Default encoding UTF-8 will be used.
"
`;
